
 Number of vertices  =    1039
 Number of faces     =    1962
 Number of centroids =       1
 Polyhedron's volume=  3.165774221538019E+03
 Volumetric radius  =  9.108855339163883E+00
 Polyhedron's mass  =  3.767271323630242E+15
 Center of mass (c.o.m.)= (-1.320495106556157E-14, 9.418406509497381E-16, 2.194819515797704E-15)
 Inertia tensor with origin at c.o.m. :
  7.867857178579757E+16  3.561861916523365E+00  1.640187208273847E+01
  3.561861916523365E+00  3.417605873689663E+17  1.214885900213688E+00
  1.640187208273847E+01  1.214885900213688E+00  3.870936780884137E+17
 Principal moments of inertia (normalized by the body mass):
  2.088476380564510E+01  9.071833643233236E+01  1.027517385488975E+02
 Main gravity coefficients (C20,C22):
 C20 = -4.695018842990878E+01 C22 =  1.745839315667182E+01
 Mass-distribution parameter:  8.530127422650736E-01
 Eigenvalues: 
        7.8678571785797568000000000E+16 (    0.0000000000000000000000000E+00)
        3.4176058736896627200000000E+17 (    1.3292279957849158729038071E+36)
        3.8709367808841369600000000E+17 (    0.0000000000000000000000000E+00)
 Eigenvec 1 sol'n:  -9.204945027765E-16 -6.460903737600E-17  0.000000000000E+00
 Eigenvec 2 sol'n:  -4.395553626323E-16  6.400000000000E+01 -2.220446049250E-16
 Eigenvec 3 sol'n:   0.000000000000E+00 -2.220446049250E-16  9.048283738610E-16
 Normalized Eigenvectors (in columns):                    
  1.000000000000000E+00  1.353897912264301E-17  5.318115665399668E-17
 -1.353897912264301E-17  1.000000000000000E+00  2.679909710397303E-17
 -5.318115665399668E-17 -2.679909710397299E-17  1.000000000000000E+00
 Normalized Eigenvectors in Lat & WLon (degrees):
        -0.000000       360.000000W   (Lat, WLon in degrees)
        -0.000000        90.000000W   (Lat, WLon in degrees)
        90.000000        26.744491W   (Lat, WLon in degrees)
 Equivalent Ellipsoid (a x b x c):  2.077169415187317E+01 x  9.071682027359957E+00 x  4.704083781428623E+00
 Inertia axes: 
 -4.180389368002579E-11  2.981654853573268E-12  6.948303044040927E-12
  2.731830645678918E+05  5.210574054842225E+04  1.401070633039923E+04
 -2.993161274389422E-12 -1.020912521187967E-12 -1.378308578381393E-11

           Integration parameters
           ----------------------

   Algorithm: Polyhedron Bulirsch-Stoer (general)

   Integration start epoch:               0.0000000 days 
   Integration stop  epoch:           36000.0000000
   Output interval:                      36.000
   Dump interval:                      36.000
   use forced stepsize (HVAR):      no 
   rotate asteroid:                 no 
   Output precision:                 high

   Initial timestep:              701.491 days 
   Accuracy parameter:              1.0000E-12
   Central mass:                    3.7673E+15 solar masses
   Central name:                    BENNU   
   J_2:                              0.0000E+00
   J_4:                              0.0000E+00
   J_6:                              0.0000E+00
   Minimum Ejection distance:       0.0000E+00 AU
   Maximum Ejection distance:       1.0000E+00 AU
   range:                                                                 0 -       0
   Prune ejection by a ring:        no 
   index:                                 1
   ring width (Hill radii):         3.0000E+00
   system length unit instead:      no 
   Radius of central body:          2.1000E-01 AU
   type of elements:                  Cen
   average mean motion (deg/yrs):   3.6000E+02
   Hybrid changeover (Hill radii):  3.0000E+00

   Includes collisions:                 no 
   Includes fragmentation:              no 
   allow collisions with central body:  yes
   Includes relativity:                 no 
   Includes user-defined force routine: no 
   obliquity of central body (degrees): 3.0997E+00
   sun mean motion (degrees/days):      1.6592E-07
   sun mass (solar):                    1.9891E+30
   speed of light (AU/days):            2.9979E+05
   range:                                                                 0 -       0
   cylindrical shadow radius (AU):      -2.9000E-01
   use Chariklo's problem:              no 

   stop integration after a close encounter, collision or ejection: no 
   use system length unit for close encounters:                     no 
   Prune collisions:                                                no 
   range:                                                                 1 -       1
   Prune ejections:                                                 no 
   range:                                                                 1 -       0
   stop integration by the number of bodies:                        no 
   number of bodies (except central body):                                2
   stop integration by accretion of mass of a body:                 no 
   mass limit:                                                      3.2272E-07 solar masses
   range:                                                                 0 -       0
   stop integration by decreasing mass of the system:               no 
   mass limit:                                                      3.0035E-06 solar masses
   range:                                                                 1 -       3
   additional time:                                                 0.0000E+00 days 
   use chaotic region as a ejection region of system:               no 
   time criteria:                                                   no 
   time (days):                                                             365.2500000
   body mass criteria:                                              no 
   mass limit:                                                      3.2272E-07 solar masses
   range:                                                                 1 -       1
   system mass criteria:                                            no 
   mass limit:                                                      3.0035E-06 solar masses
   range:                                                                 0 -       0
   number of bodies criteria:                                       no 
   number of bodies (except central body):                                2

   layers' densities (g/cm^3) List from most superficial to deepest:   1.190000000000000E+00
   rotation period (days):           1.5466E+04
   Newtonian changeover:            1.0000E+02 AU
   Mascon changeover:               2.9000E-01 AU
   Hyb pol changeover (Hill radii): 4.0000E+02 AU
   a:                               2.9000E-01 AU
   b:                               2.9000E-01 AU
   c:                               2.9000E-01 AU
   Point inside polyhedron:         yes
   Fudge factor:                    1.0000E+00
   high accuracy poly method:       no 
   potential from bin file:         no 

   Poincare Surface Section:        no 
   range:                                                                 0 -       0
   Initial Jacobi Constant value:   -2.5000E-08
  Lyapunov Characteristic Exponent: no 
   range:                                                                 0 -       0

   time criteria:                                                   no 
   time (days):                                                            3.6525000E+02       3.6525000E+03
   body mass criteria:                                              no 
   mass limit:                                                       3.2272E-07 3.2272E-06 solar masses
   range:                                                                 1 -       1
   system mass criteria:                                            no 
   mass limit:                                                       3.0035E-06 3.0035E-07 solar masses
   range:                                                                 0 -       0
   number of bodies criteria:                                       no 
   number of bodies (except central body):                                10       5
   stop integration after a criteria:   no 
   shrink/increase masses:          no 
   exponential parameter:           -1.0000E+00
   use final mass instead:           3.0035E-07
   range:                                                                 1 -       1
   criteria:                              0
   use conservation of mass:        no 
   range:                                                                 1 -       1
   shrink/increase rotation period: no 
   exponential parameter:            1.0000E+00
   use final rot period instead:     1.8000E+04
   criteria:                              0
   use conservation of momentum:    no 

   Number of Big bodies:     0
   Number of Small bodies:   1


           Integration details
           -------------------

   Initial energy:            1.69510E+10 solar masses AU^2 day^-2 
   Initial angular momentum:  1.57262E+14 solar masses AU^2 day^-1 

   Integrating massive bodies and particles up to the same epoch.

   Beginning the main integration.

   22 January   2026   5:17:20.454 PM      
   Maximum Size of outfile:           51166 bytes -> ./out/xv.out                                                                    
200.145.13.100 2801:88:fe6::a50 127.0.1.1 andre 

   Integration complete.

   Fractional energy change due to integrator:   0.00000E+00
   Fractional angular momentum change:           0.00000E+00

   Fractional energy change due to collisions/ejections:  0.00000E+00
   Fractional angular momentum change:                    0.00000E+00

   Maximum relative error of Jacobi Constant:  0.00000E+00
   22 January   2026   5:18:47.020 PM      
